// Jest Snapshot v1, https://goo.gl/fbAQLP

exports[`DateList should be rendered 1`] = `
<table
  className="DateList__DateTable-sc-9hn0em-0 kUpUuj"
>
  <tbody>
    <tr>
      <td>
        1.1.2018
      </td>
    </tr>
  </tbody>
</table>
`;
