// Jest Snapshot v1, https://goo.gl/fbAQLP

exports[`StudentInfo should be rendered 1`] = `
[
  <h3
    className="typography__H3-sc-1yq3b4j-2 StudentInfo__Student-sc-8zvgal-0 dJnBdy cpuvVu"
  >
    <span
      className="StudentInfo__Name-sc-8zvgal-1 eOXinT"
    >
      Onni Oskari Oppija
    </span>
    <span
      className="StudentInfo__Birthday-sc-8zvgal-2 cDqyaU"
    >
       s. 
      1.2.1980
    </span>
  </h3>,
  <div>
    <b
      className="typography__Bold-sc-1yq3b4j-6 jFpkKS"
    >
      Tarkasteltava henkil√∂:
    </b>
    <select
      className="typography__Select-sc-1yq3b4j-7 jmTUoG"
      onChange={[Function]}
    >
      <option
        value="010280-ABC1"
      >
        Onni Oskari Oppija
         
         s. 1.2.1980
      </option>
    </select>
  </div>,
]
`;
